<html>
<body>
<pre>
<h1>µVision Build Log</h1>
<h2>Tool Versions:</h2>
IDE-Version: µVision V5.17.0.0
Copyright (C) 2015 ARM Ltd and ARM Germany GmbH. All rights reserved.
License Information: Pham An, UIT, LIC=YA3Y8-3R7G7-I5ATC-7UEA6-ATN58-W33FY
 
Tool Versions:
Toolchain:       MDK-ARM Standard  Version: 5.17
Toolchain Path:  D:\Keil_v5\ARM\ARMCC\Bin
C Compiler:      Armcc.exe V5.06 update 1 (build 61)
Assembler:       Armasm.exe V5.06 update 1 (build 61)
Linker/Locator:  ArmLink.exe V5.06 update 1 (build 61)
Library Manager: ArmAr.exe V5.06 update 1 (build 61)
Hex Converter:   FromElf.exe V5.06 update 1 (build 61)
CPU DLL:         SARMCM3.DLL V5.17
Dialog DLL:      DARMCM1.DLL V1.12.0.0
Target DLL:      Nu_Link.dll V2.05
Dialog DLL:      TARMCM1.DLL V1.9.0.0
 
<h2>Project:</h2>
C:\Users\giaot\Downloads\TempNhung\EmbeddedProject\BoardNuMakerUno\Template.uvproj
Project File Date:  12/16/2018

<h2>Output:</h2>
*** Using Compiler 'V5.06 update 1 (build 61)', folder: 'D:\Keil_v5\ARM\ARMCC\Bin'
Build target 'Template'
creating preprocessor file for core_cm0.c...
creating preprocessor file for system_NUC1xx.c...
creating preprocessor file for main.c...
creating preprocessor file for ScanKey.c...
creating preprocessor file for DrvGPIO.c...
creating preprocessor file for DrvUART.c...
compiling main.c...
creating preprocessor file for DrvSYS.c...
creating preprocessor file for retarget.c...
linking...
Program Size: Code=4760 RO-data=272 RW-data=92 ZI-data=1140  
After Build - User command #1: fromelf --bin ".\obj\Template.axf" --output ".\obj\Template.bin"
After Build - User command #2: fromelf --text -c ".\obj\Template.axf" --output ".\obj\Template.txt"
".\obj\Template.axf" - 0 Error(s), 0 Warning(s).
Build Time Elapsed:  00:00:04
</pre>
</body>
</html>
