Component: ARM Compiler 5.06 update 1 (build 61) Tool: armlink [4d35a8]

==============================================================================

Small function inlining results

Inlined function __aeabi_idiv0 from aeabi_idiv0.o at offset 0x154 in aeabi_sdiv.o(.text).
Inlined Instruction: BX       lr
Inlined function __aeabi_idiv0 from aeabi_idiv0.o at offset 0x154 in aeabi_sdiv_div0.o(.text).
Inlined Instruction: BX       lr
Inlined function _platform_pre_stackheap_init from boardinit1.o at offset 0x0 in __rtentry2.o(.ARM.Collect$$rtentry$$00000001).
Inlined Instruction: BX       lr
Inlined function _fp_init from fpinit.o at offset 0x0 in libinit2.o(.ARM.Collect$$libinit$$00000001).
Inlined Instruction: BX       lr
Inlined function _platform_pre_lib_shutdown from boardshut.o at offset 0x0 in rtexit2.o(.ARM.Collect$$rtexit$$00000001).
Inlined Instruction: BX       lr
Inlined function __ARM_get_argv from no_argv.o at offset 0x2 in argv_veneer.o(.text).
Inlined Instruction: BX       lr
Inlined total of 6 calls.

==============================================================================

Memory Map of the image

  Image Entry point : 0x00000175

  Load Region LR_1 (Base: 0x00000000, Size: 0x00001404, Max: 0xffffffff, ABSOLUTE)

    Execution Region ER_RO (Base: 0x00000000, Size: 0x000013a8, Max: 0xffffffff, ABSOLUTE)

    Base Addr    Size         Type   Attr      Idx    E Section Name        Object

    0x00000000   0x000000c0   Data   RO           55    RESET               startup_nuc1xx.o
    0x000000c0   0x00000008   Code   RO          940  * !!!main             c_p.l(__main.o)
    0x000000c8   0x0000003c   Code   RO         1116    !!!scatter          c_p.l(__scatter.o)
    0x00000104   0x0000001a   Code   RO         1118    !!handler_copy      c_p.l(__scatter_copy.o)
    0x0000011e   0x00000002   PAD
    0x00000120   0x0000001c   Code   RO         1120    !!handler_zi        c_p.l(__scatter_zi.o)
    0x0000013c   0x00000002   Code   RO          931    .ARM.Collect$$_printf_percent$$00000000  c_p.l(_printf_percent.o)
    0x0000013e   0x0000000a   Code   RO          930    .ARM.Collect$$_printf_percent$$00000014  c_p.l(_printf_s.o)
    0x00000148   0x00000004   Code   RO          953    .ARM.Collect$$_printf_percent$$00000017  c_p.l(_printf_percent_end.o)
    0x0000014c   0x00000002   Code   RO          987    .ARM.Collect$$libinit$$00000000  c_p.l(libinit.o)
    0x0000014e   0x00000000   Code   RO         1001    .ARM.Collect$$libinit$$00000002  c_p.l(libinit2.o)
    0x0000014e   0x00000000   Code   RO         1003    .ARM.Collect$$libinit$$00000004  c_p.l(libinit2.o)
    0x0000014e   0x00000000   Code   RO         1006    .ARM.Collect$$libinit$$0000000A  c_p.l(libinit2.o)
    0x0000014e   0x00000000   Code   RO         1008    .ARM.Collect$$libinit$$0000000C  c_p.l(libinit2.o)
    0x0000014e   0x00000000   Code   RO         1010    .ARM.Collect$$libinit$$0000000E  c_p.l(libinit2.o)
    0x0000014e   0x00000000   Code   RO         1013    .ARM.Collect$$libinit$$00000011  c_p.l(libinit2.o)
    0x0000014e   0x00000000   Code   RO         1015    .ARM.Collect$$libinit$$00000013  c_p.l(libinit2.o)
    0x0000014e   0x00000000   Code   RO         1017    .ARM.Collect$$libinit$$00000015  c_p.l(libinit2.o)
    0x0000014e   0x00000000   Code   RO         1019    .ARM.Collect$$libinit$$00000017  c_p.l(libinit2.o)
    0x0000014e   0x00000000   Code   RO         1021    .ARM.Collect$$libinit$$00000019  c_p.l(libinit2.o)
    0x0000014e   0x00000000   Code   RO         1023    .ARM.Collect$$libinit$$0000001B  c_p.l(libinit2.o)
    0x0000014e   0x00000000   Code   RO         1025    .ARM.Collect$$libinit$$0000001D  c_p.l(libinit2.o)
    0x0000014e   0x00000000   Code   RO         1027    .ARM.Collect$$libinit$$0000001F  c_p.l(libinit2.o)
    0x0000014e   0x00000000   Code   RO         1029    .ARM.Collect$$libinit$$00000021  c_p.l(libinit2.o)
    0x0000014e   0x00000000   Code   RO         1031    .ARM.Collect$$libinit$$00000023  c_p.l(libinit2.o)
    0x0000014e   0x00000000   Code   RO         1033    .ARM.Collect$$libinit$$00000025  c_p.l(libinit2.o)
    0x0000014e   0x00000000   Code   RO         1037    .ARM.Collect$$libinit$$0000002C  c_p.l(libinit2.o)
    0x0000014e   0x00000000   Code   RO         1039    .ARM.Collect$$libinit$$0000002E  c_p.l(libinit2.o)
    0x0000014e   0x00000000   Code   RO         1041    .ARM.Collect$$libinit$$00000030  c_p.l(libinit2.o)
    0x0000014e   0x00000000   Code   RO         1043    .ARM.Collect$$libinit$$00000032  c_p.l(libinit2.o)
    0x0000014e   0x00000002   Code   RO         1044    .ARM.Collect$$libinit$$00000033  c_p.l(libinit2.o)
    0x00000150   0x00000002   Code   RO         1073    .ARM.Collect$$libshutdown$$00000000  c_p.l(libshutdown.o)
    0x00000152   0x00000000   Code   RO         1099    .ARM.Collect$$libshutdown$$00000002  c_p.l(libshutdown2.o)
    0x00000152   0x00000000   Code   RO         1101    .ARM.Collect$$libshutdown$$00000004  c_p.l(libshutdown2.o)
    0x00000152   0x00000000   Code   RO         1104    .ARM.Collect$$libshutdown$$00000007  c_p.l(libshutdown2.o)
    0x00000152   0x00000000   Code   RO         1107    .ARM.Collect$$libshutdown$$0000000A  c_p.l(libshutdown2.o)
    0x00000152   0x00000000   Code   RO         1109    .ARM.Collect$$libshutdown$$0000000C  c_p.l(libshutdown2.o)
    0x00000152   0x00000000   Code   RO         1112    .ARM.Collect$$libshutdown$$0000000F  c_p.l(libshutdown2.o)
    0x00000152   0x00000002   Code   RO         1113    .ARM.Collect$$libshutdown$$00000010  c_p.l(libshutdown2.o)
    0x00000154   0x00000000   Code   RO          942    .ARM.Collect$$rtentry$$00000000  c_p.l(__rtentry.o)
    0x00000154   0x00000000   Code   RO          955    .ARM.Collect$$rtentry$$00000002  c_p.l(__rtentry2.o)
    0x00000154   0x00000006   Code   RO          967    .ARM.Collect$$rtentry$$00000004  c_p.l(__rtentry4.o)
    0x0000015a   0x00000000   Code   RO          957    .ARM.Collect$$rtentry$$00000009  c_p.l(__rtentry2.o)
    0x0000015a   0x00000004   Code   RO          958    .ARM.Collect$$rtentry$$0000000A  c_p.l(__rtentry2.o)
    0x0000015e   0x00000000   Code   RO          960    .ARM.Collect$$rtentry$$0000000C  c_p.l(__rtentry2.o)
    0x0000015e   0x00000008   Code   RO          961    .ARM.Collect$$rtentry$$0000000D  c_p.l(__rtentry2.o)
    0x00000166   0x00000002   Code   RO          992    .ARM.Collect$$rtexit$$00000000  c_p.l(rtexit.o)
    0x00000168   0x00000000   Code   RO         1048    .ARM.Collect$$rtexit$$00000002  c_p.l(rtexit2.o)
    0x00000168   0x00000004   Code   RO         1049    .ARM.Collect$$rtexit$$00000003  c_p.l(rtexit2.o)
    0x0000016c   0x00000006   Code   RO         1050    .ARM.Collect$$rtexit$$00000004  c_p.l(rtexit2.o)
    0x00000172   0x00000002   PAD
    0x00000174   0x00000064   Code   RO           56  * .text               startup_nuc1xx.o
    0x000001d8   0x00000028   Code   RO          904    .text               c_p.l(noretval__2sprintf.o)
    0x00000200   0x00000052   Code   RO          908    .text               c_p.l(_printf_str.o)
    0x00000252   0x0000010e   Code   RO          918    .text               c_p.l(__printf_wp.o)
    0x00000360   0x00000040   Code   RO          932    .text               c_p.l(rt_memclr.o)
    0x000003a0   0x0000015a   Code   RO          934    .text               c_p.l(aeabi_sdiv.o)
    0x000004fa   0x00000006   Code   RO          938    .text               c_p.l(heapauxi.o)
    0x00000500   0x00000030   Code   RO          947    .text               c_p.l(_printf_char_common.o)
    0x00000530   0x0000000a   Code   RO          949    .text               c_p.l(_sputc.o)
    0x0000053a   0x0000002e   Code   RO          951    .text               c_p.l(_printf_char.o)
    0x00000568   0x0000003e   Code   RO          973    .text               c_p.l(sys_stackheap_outer.o)
    0x000005a6   0x00000010   Code   RO          976    .text               c_p.l(exit.o)
    0x000005b6   0x00000002   PAD
    0x000005b8   0x00000008   Code   RO          988    .text               c_p.l(libspace.o)
    0x000005c0   0x0000000c   Code   RO         1045    .text               c_p.l(sys_exit.o)
    0x000005cc   0x00000002   Code   RO         1062    .text               c_p.l(use_no_semi.o)
    0x000005ce   0x00000000   Code   RO         1064    .text               c_p.l(indicate_semi.o)
    0x000005ce   0x00000002   PAD
    0x000005d0   0x0000001c   Code   RO          544    i.BOD_IRQHandler    drvsys.o
    0x000005ec   0x00000090   Code   RO          409    i.BaudRateCalculator  drvuart.o
    0x0000067c   0x00000024   Code   RO          169    i.DrvGPIO_ClrBit    drvgpio.o
    0x000006a0   0x00000024   Code   RO          182    i.DrvGPIO_GetBit    drvgpio.o
    0x000006c4   0x000003ac   Code   RO          191    i.DrvGPIO_InitFunction  drvgpio.o
    0x00000a70   0x00000024   Code   RO          193    i.DrvGPIO_SetBit    drvgpio.o
    0x00000a94   0x00000024   Code   RO          547    i.DrvSYS_Delay      drvsys.o
    0x00000ab8   0x00000008   Code   RO          562    i.DrvSYS_GetExtClockFreq  drvsys.o
    0x00000ac0   0x0000005c   Code   RO          564    i.DrvSYS_GetPLLClockFreq  drvsys.o
    0x00000b1c   0x000000a8   Code   RO          565    i.DrvSYS_GetPLLContent  drvsys.o
    0x00000bc4   0x00000010   Code   RO          568    i.DrvSYS_IsProtectedRegLocked  drvsys.o
    0x00000bd4   0x00000094   Code   RO          570    i.DrvSYS_Open       drvsys.o
    0x00000c68   0x00000030   Code   RO          576    i.DrvSYS_SelectHCLKSource  drvsys.o
    0x00000c98   0x0000003c   Code   RO          585    i.DrvSYS_SetPLLContent  drvsys.o
    0x00000cd4   0x000000d8   Code   RO          414    i.DrvUART_EnableInt  drvuart.o
    0x00000dac   0x000001bc   Code   RO          419    i.DrvUART_Open      drvuart.o
    0x00000f68   0x00000038   Code   RO          420    i.DrvUART_Read      drvuart.o
    0x00000fa0   0x00000038   Code   RO          425    i.DrvUART_Write     drvuart.o
    0x00000fd8   0x0000001c   Code   RO          199    i.EINT0_IRQHandler  drvgpio.o
    0x00000ff4   0x0000001c   Code   RO          200    i.EINT1_IRQHandler  drvgpio.o
    0x00001010   0x0000003c   Code   RO          201    i.GPAB_IRQHandler   drvgpio.o
    0x0000104c   0x00000044   Code   RO          202    i.GPCDE_IRQHandler  drvgpio.o
    0x00001090   0x00000020   Code   RO          590    i.PWRWU_IRQHandler  drvsys.o
    0x000010b0   0x00000064   Code   RO          120    i.Scankey           scankey.o
    0x00001114   0x00000084   Code   RO           17    i.SystemCoreClockUpdate  system_nuc1xx.o
    0x00001198   0x00000002   Code   RO           18    i.SystemInit        system_nuc1xx.o
    0x0000119a   0x00000002   PAD
    0x0000119c   0x0000002c   Code   RO          427    i.UART02_IRQHandler  drvuart.o
    0x000011c8   0x00000018   Code   RO          428    i.UART1_IRQHandler  drvuart.o
    0x000011e0   0x0000006c   Code   RO           60    i.UART_INT_HANDLE   main.o
    0x0000124c   0x0000001a   Code   RO          397    i.__ARM_common_switch8  drvgpio.o
    0x00001266   0x0000000e   Code   RO          920    i._is_digit         c_p.l(__printf_wp.o)
    0x00001274   0x0000000e   Code   RO          121    i.delay             scankey.o
    0x00001282   0x00000002   PAD
    0x00001284   0x000000d4   Code   RO           61    i.main              main.o
    0x00001358   0x00000010   Data   RO           63    .constdata          main.o
    0x00001368   0x00000010   Data   RO          122    .constdata          scankey.o
    0x00001378   0x00000010   Data   RO          591    .constdata          drvsys.o
    0x00001388   0x00000020   Data   RO         1114    Region$$Table       anon$$obj.o


    Execution Region ER_RW (Base: 0x20000000, Size: 0x0000005c, Max: 0xffffffff, ABSOLUTE)

    Base Addr    Size         Type   Attr      Idx    E Section Name        Object

    0x20000000   0x0000001c   Data   RW           19    .data               system_nuc1xx.o
    0x2000001c   0x00000012   Data   RW           64    .data               main.o
    0x2000002e   0x00000008   Data   RW          123    .data               scankey.o
    0x20000036   0x00000002   PAD
    0x20000038   0x00000010   Data   RW          206    .data               drvgpio.o
    0x20000048   0x0000000c   Data   RW          429    .data               drvuart.o
    0x20000054   0x00000008   Data   RW          592    .data               drvsys.o


    Execution Region ER_ZI (Base: 0x2000005c, Size: 0x00000474, Max: 0xffffffff, ABSOLUTE)

    Base Addr    Size         Type   Attr      Idx    E Section Name        Object

    0x2000005c   0x00000010   Zero   RW           62    .bss                main.o
    0x2000006c   0x00000060   Zero   RW          989    .bss                c_p.l(libspace.o)
    0x200000cc   0x00000004   PAD
    0x200000d0   0x00000000   Zero   RW           54    HEAP                startup_nuc1xx.o
    0x200000d0   0x00000400   Zero   RW           53    STACK               startup_nuc1xx.o


==============================================================================

Image component sizes


      Code (inc. data)   RO Data    RW Data    ZI Data      Debug   Object Name

         0          0          0          0          0       4532   core_cm0.o
      1258        142          0         16          0      11763   drvgpio.o
       636        124         16          8          0       9927   drvsys.o
       984         88          0         12          0      17865   drvuart.o
       320         48         16         18         16       5455   main.o
       114         10         16          8          0     119336   scankey.o
       100         46        192          0       1024        736   startup_nuc1xx.o
       134         22          0         28          0       2042   system_nuc1xx.o

    ----------------------------------------------------------------------
      3550        480        272         92       1040     171656   Object Totals
         0          0         32          0          0          0   (incl. Generated)
         4          0          0          2          0          0   (incl. Padding)

    ----------------------------------------------------------------------

      Code (inc. data)   RO Data    RW Data    ZI Data      Debug   Library Member Name

         8          0          0          0          0         68   __main.o
       284          0          0          0          0        136   __printf_wp.o
         0          0          0          0          0          0   __rtentry.o
        12          0          0          0          0          0   __rtentry2.o
         6          0          0          0          0          0   __rtentry4.o
        60          8          0          0          0          0   __scatter.o
        26          0          0          0          0          0   __scatter_copy.o
        28          0          0          0          0          0   __scatter_zi.o
        46          0          0          0          0        100   _printf_char.o
        48          6          0          0          0         88   _printf_char_common.o
         2          0          0          0          0          0   _printf_percent.o
         4          0          0          0          0          0   _printf_percent_end.o
        10          0          0          0          0          0   _printf_s.o
        82          0          0          0          0         72   _printf_str.o
        10          0          0          0          0         60   _sputc.o
       346          0          0          0          0         92   aeabi_sdiv.o
        16          0          0          0          0         68   exit.o
         6          0          0          0          0        136   heapauxi.o
         0          0          0          0          0          0   indicate_semi.o
         2          0          0          0          0          0   libinit.o
         2          0          0          0          0          0   libinit2.o
         2          0          0          0          0          0   libshutdown.o
         2          0          0          0          0          0   libshutdown2.o
         8          4          0          0         96         68   libspace.o
        40          4          0          0          0         84   noretval__2sprintf.o
        64          0          0          0          0        108   rt_memclr.o
         2          0          0          0          0          0   rtexit.o
        10          0          0          0          0          0   rtexit2.o
        12          4          0          0          0         60   sys_exit.o
        62          0          0          0          0         80   sys_stackheap_outer.o
         2          0          0          0          0         68   use_no_semi.o

    ----------------------------------------------------------------------
      1210         26          0          0        100       1288   Library Totals
         8          0          0          0          4          0   (incl. Padding)

    ----------------------------------------------------------------------

      Code (inc. data)   RO Data    RW Data    ZI Data      Debug   Library Name

      1202         26          0          0         96       1288   c_p.l

    ----------------------------------------------------------------------
      1210         26          0          0        100       1288   Library Totals

    ----------------------------------------------------------------------

==============================================================================


      Code (inc. data)   RO Data    RW Data    ZI Data      Debug   

      4760        506        272         92       1140     171172   Grand Totals
      4760        506        272         92       1140     171172   ELF Image Totals
      4760        506        272         92          0          0   ROM Totals

==============================================================================

    Total RO  Size (Code + RO Data)                 5032 (   4.91kB)
    Total RW  Size (RW Data + ZI Data)              1232 (   1.20kB)
    Total ROM Size (Code + RO Data + RW Data)       5124 (   5.00kB)

==============================================================================

